<!-- Created with Inkscape (http://www.inkscape.org/) --><svg xmlns:inkscape="http://www.inkscape.org/namespaces/inkscape" xmlns:sodipodi="http://sodipodi.sourceforge.net/DTD/sodipodi-0.dtd" xmlns="http://www.w3.org/2000/svg" xmlns:svg="http://www.w3.org/2000/svg" width="2048" height="2048" viewBox="0 0 2048 2048" version="1.1" id="svg5" sodipodi:docname="calligraphic_pen_input.svg" inkscape:version="1.2.2 (732a01da63, 2022-12-09, custom)" xml:space="preserve"><sodipodi:namedview id="namedview7" pagecolor="#ffffff" bordercolor="#000000" borderopacity="0.25" inkscape:showpageshadow="2" inkscape:pageopacity="0.0" inkscape:pagecheckerboard="0" inkscape:deskcolor="#d1d1d1" inkscape:document-units="px" showgrid="false" inkscape:zoom="0.5946522" inkscape:cx="853.44004" inkscape:cy="949.29439" inkscape:window-width="3072" inkscape:window-height="1849" inkscape:window-x="0" inkscape:window-y="34" inkscape:window-maximized="1" inkscape:current-layer="g8280" showguides="true" inkscape:lockguides="false"/><defs id="defs2"/><g inkscape:groupmode="layer" id="layer1" inkscape:label="Layer 1"><path style="fill:none;stroke:#000000;stroke-width:31.1509;stroke-linecap:round;stroke-linejoin:round" d="m 1293.4869,850.87148 c 84.5021,141.35439 27.1249,314.03542 27.1249,314.03542" id="path119"/></g><g inkscape:groupmode="layer" inkscape:label="Original-GL-a" style="display:inline" id="g8280"><path d="m 1025.65,26.5285 c 20.46,-40.7505 39.6776,-29.9432241 55.3676,-28.9553941 16.74,1.055 229.1024,325.5918941 57.4224,497.2718941 -95.22,95.225 -197.56,49.171 -257.755,-11.023 -90.981,-90.983 -80.521,-231.807 -5.526,-306.801 171.681,-171.68022 434.961,146.144 503.691,76.799 16.59,-16.748 33.76,-54.936 14.96,-93.706" style="display:inline;fill:none;stroke:#000000;stroke-width:20;stroke-linecap:round;stroke-linejoin:round;stroke-dasharray:none;stroke-opacity:1" id="path8278" transform="rotate(45)" sodipodi:nodetypes="ccccccc"/></g><g inkscape:groupmode="layer" inkscape:label="GlyphLayer-a" style="display:none"><path d="M 2051.3 26.5285 C 2092.22 -14.222 2130.66 -3.41462 2162.04 -2.42679 C 2195.52 -1.37179 2620.24 323.168 2276.88 494.847 C 2086.44 590.07 1881.76 544.016 1761.37 483.822 C 1579.41 392.839 1600.33 252.015 1750.32 177.021 C 2093.68 5.34078 2620.24 323.167 2757.7 253.819 C 2790.88 237.072 2825.22 198.885 2787.62 160.114" style="display:inline;fill:none;stroke:#000000;stroke-dasharray:none;stroke-linecap:round;stroke-linejoin:round;stroke-opacity:1;stroke-width:90.0" id="path8278" transform="matrix(0.353553 0.353553 -0.707107 0.707107 0 0)"/></g></svg>